[www.ozonenotes.jp/order-form/index.html]
[backblue.gif]
[fade.gif]
[index.html]
[www.ozonenotes.jp/form_core/css/jquery-ui.min.css]
[www.ozonenotes.jp/form_core/css/ozn-form.min.css]
[www.ozonenotes.jp/order-form/css/style.min.css]
[code.jquery.com/jquery-1.12.4.min.js]
[www.ozonenotes.jp/form_core/js/ajaxzip3.js]
[www.ozonenotes.jp/form_core/js/jquery-ui.min.js]
[www.ozonenotes.jp/form_core/js/datepicker-ja.js]
[www.google.com/recaptcha/api9216.js]
[www.ozonenotes.jp/form_core/js/jquery.autoKana.js]
[www.ozonenotes.jp/form_core/js/domain_suggest.js]
[www.ozonenotes.jp/form_core/js/utilities.js]
[www.ozonenotes.jp/form_core/config/oznform_config.js]
[www.ozonenotes.jp/order-form/index.html]
[www.ozonenotes.jp/form_core/js/ozn-form.js]
[www.ozonenotes.jp/form_core/css/images/ui-icons_444444_256x240.png]
[www.ozonenotes.jp/form_core/css/images/ui-icons_555555_256x240.png]
[www.ozonenotes.jp/form_core/css/images/ui-icons_ffffff_256x240.png]
[www.ozonenotes.jp/form_core/css/images/ui-icons_777620_256x240.png]
[www.ozonenotes.jp/form_core/css/images/ui-icons_cc0000_256x240.png]
[www.ozonenotes.jp/form_core/css/images/ui-icons_777777_256x240.png]
[www.ozonenotes.jp/form_core/css/jquery-ui.min.css]
[www.ozonenotes.jp/form_core/js/jQuery-File-Upload-9.14.2/css/jquery.fileupload.css]
[www.ozonenotes.jp/form_core/css/font/fontello64c1.eot]
[www.ozonenotes.jp/form_core/css/font/fontello64c1.woff]
[www.ozonenotes.jp/form_core/css/font/fontello64c1.ttf]
[www.ozonenotes.jp/form_core/css/ozn-form.min.css]
[www.ozonenotes.jp/order-form/css/style.min.css]
[www.ozonenotes.jp/form_core/css/font/fontello64c1.html]
[www.ozonenotes.jp/form_core/css/font/fontello64c1.svg]
[www.ozonenotes.jp/form_core/css/font/fontello64c1.svg]
